2026-03-26T10:54:37.371Z INFO Is remote: false
2026-03-26T10:54:37.372Z INFO Starting Local. Installation path: c:\Users\parid\OneDrive\Desktop\cms
2026-03-26T10:54:37.373Z INFO [MainProvider] Creating new MainProvider instance...
2026-03-26T10:54:37.374Z INFO [TabsManager] Code view listener set up at initialization
2026-03-26T10:54:37.377Z INFO Installation path exists: c:\Users\parid\OneDrive\Desktop\cms
2026-03-26T10:54:37.378Z INFO Initializing database with URL: file:c:\Users\parid\OneDrive\Desktop\cms\pythagora-core\data\database\pythagora.db
2026-03-26T10:54:37.386Z INFO Database file exists, skipping prisma generate/push for faster startup
2026-03-26T10:54:37.388Z INFO Database initialized successfully
2026-03-26T10:54:37.389Z INFO [Migration] Checking for database migration...
2026-03-26T10:54:38.636Z INFO [Migration] No migration needed
2026-03-26T10:55:07.532Z INFO Closing entire Pythagora extension...
2026-03-26T10:55:07.546Z ERROR Error closing extension
Error: Canceled
Stack: Canceled: Canceled
	at new bI (file:///c:/Users/parid/AppData/Local/Programs/Microsoft%20VS%20Code/07ff9d6178/resources/app/out/vs/workbench/api/node/extensionHostProcess.js:407:148227)
	at r._remoteCall (file:///c:/Users/parid/AppData/Local/Programs/Microsoft%20VS%20Code/07ff9d6178/resources/app/out/vs/workbench/api/node/extensionHostProcess.js:407:154279)
	at i.<computed>.s.charCodeAt.i.<computed> (file:///c:/Users/parid/AppData/Local/Programs/Microsoft%20VS%20Code/07ff9d6178/resources/app/out/vs/workbench/api/node/extensionHostProcess.js:407:151074)
	at dg._doExecuteCommand (file:///c:/Users/parid/AppData/Local/Programs/Microsoft%20VS%20Code/07ff9d6178/resources/app/out/vs/workbench/api/node/extensionHostProcess.js:494:48120)
	at dg.executeCommand (file:///c:/Users/parid/AppData/Local/Programs/Microsoft%20VS%20Code/07ff9d6178/resources/app/out/vs/workbench/api/node/extensionHostProcess.js:494:47567)
	at Object.executeCommand (file:///c:/Users/parid/AppData/Local/Programs/Microsoft%20VS%20Code/07ff9d6178/resources/app/out/vs/workbench/api/node/extensionHostProcess.js:618:135323)
	at closeEntirePythagoraExtension (c:\Users\parid\.vscode\extensions\pythagoratechnologies.pythagora-vs-code-2.6.19\out\extension.js:542:31)
	at Object.deactivate (c:\Users\parid\.vscode\extensions\pythagoratechnologies.pythagora-vs-code-2.6.19\out\extension.js:409:15)
	at hk._deactivate (file:///c:/Users/parid/AppData/Local/Programs/Microsoft%20VS%20Code/07ff9d6178/resources/app/out/vs/workbench/api/node/extensionHostProcess.js:498:14479)
	at file:///c:/Users/parid/AppData/Local/Programs/Microsoft%20VS%20Code/07ff9d6178/resources/app/out/vs/workbench/api/node/extensionHostProcess.js:498:12006
	at Array.map (<anonymous>)
	at hk._deactivateAll (file:///c:/Users/parid/AppData/Local/Programs/Microsoft%20VS%20Code/07ff9d6178/resources/app/out/vs/workbench/api/node/extensionHostProcess.js:498:11994)
	at hk.terminate (file:///c:/Users/parid/AppData/Local/Programs/Microsoft%20VS%20Code/07ff9d6178/resources/app/out/vs/workbench/api/node/extensionHostProcess.js:498:12345)
	at r.terminate (file:///c:/Users/parid/AppData/Local/Programs/Microsoft%20VS%20Code/07ff9d6178/resources/app/out/vs/workbench/api/node/extensionHostProcess.js:500:1072)
	at Us (file:///c:/Users/parid/AppData/Local/Programs/Microsoft%20VS%20Code/07ff9d6178/resources/app/out/vs/workbench/api/node/extensionHostProcess.js:810:11700)
	at MessagePortMain.<anonymous> (file:///c:/Users/parid/AppData/Local/Programs/Microsoft%20VS%20Code/07ff9d6178/resources/app/out/vs/workbench/api/node/extensionHostProcess.js:810:8122)
	at MessagePortMain.emit (node:events:519:28)
	at MessagePortMain.emit (node:domain:489:12)
	at MessagePortMain._internalPort.emit (node:electron/js2c/utility_init:2:2959)
Extra context: {
  "message": "Canceled"
}
